// Jest Snapshot v1, https://goo.gl/fbAQLP

exports[`/home/usul/FocusReactive/GitNation/JSNation.com/build/extended.html 1`] = `
"<!doctype html>
<html>
  <head>
    <meta charset=\\"utf-8\\" />
    <title>Amsterdam JSNation Conference 2020</title>
    <meta name=\\"viewport\\" content=\\"width=device-width, initial-scale=1.0\\" />
    <meta name=\\"keywords\\" content=\\"javascript, conference, amsterdamjs, jsnation, vuejs, react, angular, frameworks\\">
    <meta name=\\"description\\" content=\\"Amsterdam JSNation is a 2-day event focusing exclusively on JavaScript development. At our conference, inspiring talks meet fresh ideas and good people - you’ll hear all you need to know about the latest trends in JS tech, see stellar speakers, meet new friends and colleagues, and connect with key people in the industry. Plus, all of that in one of Europe's top destinations.\\">
    <meta property=\\"og:url\\" content=\\"https://jsnation.com\\" />
    <meta property=\\"og:title\\" content=\\"Amsterdam JSNation Conference 2020, June 3-5\\" />
    <meta property=\\"og:description\\" content=\\"\\" Amsterdam JSNation is a 2-day event focusing exclusively on JavaScript development. At our conference, inspiring talks meet fresh ideas and good people - you’ll hear all you need to know about the latest trends in JS tech, see stellar speakers, meet new friends and colleagues, and connect with key people in the industry. Plus, all of that in one of Europe's top destinations.\\" />
    <meta property=\\"og:image\\" content=\\"https://jsnation.com/img/og2020.png\\" />
    <meta name=\\"twitter:card\\" content=\\"summary_large_image\\" />
    <meta name=\\"twitter:site\\" content=\\"@amsterdamjs\\" />
    <meta http-equiv=\\"X-UA-Compatible\\" content=\\"IE=edge\\" />
    <link rel=\\"stylesheet\\" media=\\"all\\" href=\\"css/app.css\\" />
    <link rel=\\"shortcut icon\\" href=\\"img/favicon.ico\\" />
  </head>
  <body>
    <!-- BEGIN content -->
    <div class=\\"out\\">
      <header class=\\"header js-header\\">
        <button class=\\"header__burger burger js-burger\\">
          <span class=\\"burger__item\\"></span>
          <span class=\\"burger__item\\"></span>
          <span class=\\"burger__item\\"></span>
        </button>
        <div class=\\"header__content js-header-content\\">
          <div class=\\"header__inner\\">
            <a href=\\"/\\" class=\\"header__mini-logo\\"></a>
            <div class=\\"header__nav\\">
              <nav class=\\"nav\\">
                <a class=\\"nav__item js-scroll-to\\" href=\\"/\\">conference page</a>
                <a class=\\"nav__item js-scroll-to\\" href=\\"/faq\\">FAQ</a>
              </nav>
            </div>
            <div class=\\"header__btn\\">
              <!-- <a href=\\"http://twitter.com/thejsnation\\" class=\\"btn\\"><span class=\\"btn__text\\">follow for updates</span></a> -->
              <a href=\\"https://www.eventbrite.com/e/jsnation-conference-2020-tickets-71547014045\\" class=\\"btn\\"><span class=\\"btn__text\\">tickets</span></a>
            </div>
          </div>
        </div>
      </header>
      <main class=\\"main\\">
        <section class=\\"hero hero_min\\" style=\\"background-image: url(img/extended.jpg)\\">
          <div class=\\"hero__logo\\">
            <a href=\\"/\\" class=\\"logo\\">
              <img src=\\"img/logo.svg\\" alt=\\"\\" />
            </a>
          </div>
          <h1 class=\\"hero__title\\">
          </h1>
        </section>
        <div class=\\"bg-red\\">
          <div class=\\"wrapper\\">
            <div class=\\"title-img\\">
              <img src=\\"img/hey.svg\\" alt=\\"\\" />
            </div>
          </div>
        </div>
        <section class=\\"cards cards_lg\\">
          <div class=\\"wrapper\\">
            <div class=\\"cards__title title\\">Community preparty</div>
            <div class=\\"cards__descr descr\\">
              <p>The day before the conference, the local JS community would love to connect with the international attendees in an informal setup. Are you a JS developer from Amsterdam? Did you come to the city day prior to the event? Attending workshops and have no plans for an evening? Feel free to join an unofficial preparty organized by the community in the center of Amsterdam.</p>
            </div>
            <div class=\\"cards__content\\">
              <div class=\\"cards__item\\">
                <div class=\\"card card_reverse\\">
                  <div class=\\"card__inner\\">
                    <div class=\\"card__col card__content\\">
                      <div class=\\"card__title\\">
                        <p>TonTon Club Centrum 20:00</p>
                      </div>
                      <div class=\\"card__descr\\">
                        <p>We’re looking for developers with side projects, who love to check out codepen.io or open-source github repo’s, design systems and style guides. People who understand that shipping fast doesn’t mean you ship bad quality.</p>
                      </div>
                      <a href=\\"/\\" class=\\"card__link\\">
                        <p>Sint Annendwarsstraat 6, </p>
                        <p>1012 HC Amsterdam</p>
                      </a>
                    </div>
                    <div class=\\"card__col card__col_sm\\">
                      <div class=\\"card__img\\">
                        <img src=\\"https://media.graphcms.com/DMLCRZORlCgZG6WpUEO2\\" alt=\\"\\" />
                      </div>
                    </div>
                  </div>
                </div>
              </div>
            </div>
            <div class=\\"cards__content\\">
              <div class=\\"cards__item\\">
                <div class=\\"card card_reverse\\">
                  <div class=\\"card__inner\\">
                    <div class=\\"card__col card__content\\">
                      <div class=\\"card__title\\"></div>
                      <div class=\\"card__descr\\">
                        <p>Lorem Ipsum</p>
                        <p>Dollor dollor</p>
                      </div>
                      <a href=\\"/\\" class=\\"card__link\\"></a>
                    </div>
                    <div class=\\"card__col card__col_sm\\">
                      <div class=\\"card__img\\">
                        <img src=\\"https://media.graphcms.com/DMLCRZORlCgZG6WpUEO2\\" alt=\\"\\" />
                      </div>
                    </div>
                  </div>
                </div>
              </div>
            </div>
          </div>
        </section>
        <section class=\\"info-section \\" style=\\"background-image: url(img/js-party.jpg)\\">
          <div class=\\"wrapper\\">
            <div class=\\"info-section__content\\">
              <div class=\\"info-section__title title\\">JS party</div>
              <div class=\\"info-section__descr descr info-section__descr_xl\\">
                <p>After the main conference program is over we have a 2 hours break. Use it wisely to recharge or have a meal at food trucks area or one of the restaurants nearby to get prepared for the JS Party. This year organized in collaboration with some of Amsterdam Dance Event crew and other cultural foundations.</p>
                <p>After-party starts at 19:00, same location as the conference.</p>
              </div>
              <div class=\\"info-section__img\\">
                <img src=\\"img/js-party-img.jpg\\" alt=\\"\\" />
                <div class=\\"info-section__img-decor\\"></div>
                <div class=\\"info-section__img-decor info-section__img-decor_2\\"></div>
                <div class=\\"info-section__img-decor info-section__img-decor_3\\"></div>
                <div class=\\"info-section__img-decor info-section__img-decor_4\\"></div>
                <div class=\\"info-section__img-decor info-section__img-decor_5\\"></div>
                <div class=\\"info-section__img-decor info-section__img-decor_6\\"></div>
                <div class=\\"info-section__img-decor info-section__img-decor_7\\"></div>
                <div class=\\"info-section__img-decor info-section__img-decor_8\\"></div>
              </div>
            </div>
          </div>
        </section>
        <section class=\\"cards cards_lg\\">
          <div class=\\"wrapper\\">
            <div class=\\"cards__title title\\">Museums hangout and BBQ in the park</div>
            <div class=\\"cards__descr descr\\">
              <p>Amsterdam is beautiful, picturesque, amazing. This is what we hear sometimes from guests coming to the city. Explore this beauty on your own or together with new friends met at the conference.</p>
            </div>
            <div class=\\"cards__content\\">
              <div class=\\"cards__item\\">
                <div class=\\"card\\">
                  <div class=\\"card__inner\\">
                    <div class=\\"card__col card__col_img\\">
                      <img src=\\"img/img-1.png\\" alt=\\"\\" />
                    </div>
                    <div class=\\"card__col card__col_img\\">
                      <div class=\\"card__img\\">
                        <img src=\\"img/img-2.png\\" alt=\\"\\" />
                      </div>
                    </div>
                  </div>
                </div>
              </div>
            </div>
          </div>
        </section>
        <section class=\\"cards cards_sm\\">
          <div class=\\"wrapper\\">
            <div class=\\"cards__title title\\">Meet with the community</div>
            <div class=\\"cards__descr descr\\">
              <p>Join other conference visitors or local community members at one of the meeting points (some required prior registration), or connect with people directly at JS Nation Slack, to form your own activity. Nobody knows when that Saturday ends.</p>
            </div>
            <div class=\\"cards__content\\">
              <div class=\\"cards__item\\">
                <div class=\\"card card_reverse\\">
                  <div class=\\"card__inner\\">
                    <div class=\\"card__col card__content\\">
                      <div class=\\"card__title\\">
                        <p>TonTon Club Centrum 20:00</p>
                      </div>
                      <div class=\\"card__descr\\">
                        <p>We’re looking for developers with side projects, who love to check out codepen.io or open-source github repo’s, design systems and style guides. People who understand that shipping fast doesn’t mean you ship bad quality.</p>
                      </div>
                      <a href=\\"/\\" class=\\"card__link\\">
                        <p>Sint Annendwarsstraat 6, </p>
                        <p>1012 HC Amsterdam</p>
                      </a>
                    </div>
                    <div class=\\"card__col card__col_sm\\">
                      <div class=\\"card__img\\">
                        <img src=\\"https://media.graphcms.com/DMLCRZORlCgZG6WpUEO2\\" alt=\\"\\" />
                      </div>
                    </div>
                  </div>
                </div>
              </div>
            </div>
          </div>
        </section>
      </main>
      <footer class=\\"footer\\" id=\\"contact\\">
        <div class=\\"wrapper\\">
          <div class=\\"footer__title title\\">Contact Us</div>
          <div class=\\"footer__inner\\">
            <div class=\\"footer__content\\">
              <ul class=\\"footer__nav\\">
                <li><a href=\\"/sponsors\\">Sponsorship Opportunities</a></li>
                <li><a href=\\"/coc\\">Code Of Conduct</a></li>
                <li><a href=\\"/2019\\">Last year's event (2019)</a></li>
                <li><a href=\\"mailto:hi@jsnation.com\\">Email Us!</a></li>
                <li><a href=\\"/faq\\">FAQ</a></li>
              </ul>
            </div>
            <div class=\\"footer__socials\\">
              <ul class=\\"socials socials_xxl\\">
                <li class=\\"socials__item\\"><a href=\\"https://twitter.com/thejsnation\\" target=\\"_blank\\" class=\\"socials__link\\">
                    <svg class=\\"icon icon-tw\\">
                      <use xlink:href=\\"img/sprite.svg#icon-tw\\"></use>
                    </svg>
                  </a></li>
                <li class=\\"socials__item\\"><a href=\\"https://www.facebook.com/thejsnation\\" target=\\"_blank\\" class=\\"socials__link\\">
                    <svg class=\\"icon icon-fb\\">
                      <use xlink:href=\\"img/sprite.svg#icon-fb\\"></use>
                    </svg>
                  </a></li>
                <li class=\\"socials__item\\"><a href=\\"https://www.youtube.com/JSNation\\" target=\\"_blank\\" class=\\"socials__link\\">
                    <svg class=\\"icon icon-yt\\">
                      <use xlink:href=\\"img/sprite.svg#icon-yt\\"></use>
                    </svg>
                  </a></li>
                <li class=\\"socials__item\\"><a href=\\"https://jsnation.com/slack\\" target=\\"_blank\\" class=\\"socials__link\\">
                    <svg class=\\"icon icon-sl\\">
                      <use xlink:href=\\"img/sprite.svg#icon-sl\\"></use>
                    </svg>
                  </a></li>
                <li class=\\"socials__item\\"><a href=\\"https://medium.com/@amsterdamjs\\" target=\\"_blank\\" class=\\"socials__link\\">
                    <svg class=\\"icon icon-med\\">
                      <use xlink:href=\\"img/sprite.svg#icon-med\\"></use>
                    </svg>
                  </a></li>
              </ul>
            </div>
          </div>
        </div>
        <div class=\\"footer__bot\\" style=\\"background-image: url(img/footer-bg.png);\\">
          <div class=\\"footer-logo\\">
            <div class=\\"footer-logo__subtitle\\">Event by</div>
            <div class=\\"footer-logo__img\\"><img src=\\"img/face.svg\\" alt=\\"\\" /></div>
            <a href=\\"https://gitnation.org/\\" target=\\"_blank\\" class=\\"footer-logo__text\\">
              <img src=\\"img/gn.svg\\" alt=\\"\\" />
            </a>
          </div>
        </div>
      </footer>
    </div>
    <!-- END content -->
    <!-- BEGIN scripts -->
    <script type=\\"text/javascript\\" src=\\"js/app.js\\"></script>
    <!-- END scripts -->
    <!--LiveInternet counter-->
    <script type=\\"text/javascript\\">
      document.write(\\"<a class='li-counter' href='//www.liveinternet.ru/click' \\" + \\"target=_blank><img src='//counter.yadro.ru/hit?t38.6;r\\" + escape(document.referrer) + ((typeof(screen) == \\"undefined\\") ? \\"\\" : \\";s\\" + screen.width + \\"*\\" + screen.height + \\"*\\" + (screen.colorDepth ? screen.colorDepth : screen.pixelDepth)) + \\";u\\" + escape(document.URL) + \\";h\\" + escape(document.title.substring(0, 150)) + \\";\\" + Math.random() + \\"' alt='' title='LiveInternet' \\" + \\"border='0' width='31' height='31'><\\\\/a>\\")

    </script>
    <!--/LiveInternet-->
    <script type=\\"text/javascript\\">
      var _gauges = _gauges || [];
      (function()
      {
        var t = document.createElement('script');
        t.type = 'text/javascript';
        t.async = true;
        t.id = 'gauges-tracker';
        t.setAttribute('data-site-id', '58496fdd4b2ffa62230141f0');
        t.setAttribute('data-track-path', 'https://track.gaug.es/track.gif');
        t.src = 'https://d36ee2fcip1434.cloudfront.net/track.js';
        var s = document.getElementsByTagName('script')[0];
        s.parentNode.insertBefore(t, s);
      })();

    </script>
    <!-- Facebook Pixel Code -->
    <script>
      ! function(f, b, e, v, n, t, s)
      {
        if (f.fbq) return;
        n = f.fbq = function()
        {
          n.callMethod ? n.callMethod.apply(n, arguments) : n.queue.push(arguments)
        };
        if (!f._fbq) f._fbq = n;
        n.push = n;
        n.loaded = !0;
        n.version = '2.0';
        n.queue = [];
        t = b.createElement(e);
        t.async = !0;
        t.src = v;
        s = b.getElementsByTagName(e)[0];
        s.parentNode.insertBefore(t, s)
      }(window, document, 'script', 'https://connect.facebook.net/en_US/fbevents.js');
      fbq('init', '1374905195888955'); // Insert your pixel ID here.
      fbq('track', 'PageView');

    </script>
    <noscript><img height=\\"1\\" width=\\"1\\" style=\\"display:none\\" src=\\"https://www.facebook.com/tr?id=1374905195888955&ev=PageView&noscript=1\\" /></noscript>
    <!-- DO NOT MODIFY -->
    <!-- End Facebook Pixel Code -->
  </body>
</html>
"
`;
